{
 "prefixe": "apres-tactile",
 "temoin_drag_tactile": 179,
 "temoin_molette": 2854,
 "ouvert": {
  "ok": true
 },
 "avant_geste": {
  "corps_scroll_top": 0,
  "corps_scroll_height": 9156,
  "corps_client_height": 864,
  "corps_scroll_width": 411,
  "corps_width": 411,
  "page_scroll_top": 0
 },
 "cibles_avant": [
  {
   "pt": [
    206,
    300
   ],
   "chaine": "pre.u-art-raw{static ta:auto ov:visible pe:auto} > div#artVBody.u-art-body{static ta:auto ov:auto pe:auto} > aside#artifactViewer.u-art-viewer{static ta:auto ov:hidden pe:auto} > section#app.scene.on.artifact-split{fixed ta:auto ov:visible pe:auto} > body{static ta:auto ov:hidden pe:auto}"
  },
  {
   "pt": [
    206,
    500
   ],
   "chaine": "pre.u-art-raw{static ta:auto ov:visible pe:auto} > div#artVBody.u-art-body{static ta:auto ov:auto pe:auto} > aside#artifactViewer.u-art-viewer{static ta:auto ov:hidden pe:auto} > section#app.scene.on.artifact-split{fixed ta:auto ov:visible pe:auto} > body{static ta:auto ov:hidden pe:auto}"
  },
  {
   "pt": [
    206,
    760
   ],
   "chaine": "pre.u-art-raw{static ta:auto ov:visible pe:auto} > div#artVBody.u-art-body{static ta:auto ov:auto pe:auto} > aside#artifactViewer.u-art-viewer{static ta:auto ov:hidden pe:auto} > section#app.scene.on.artifact-split{fixed ta:auto ov:visible pe:auto} > body{static ta:auto ov:hidden pe:auto}"
  },
  {
   "pt": [
    380,
    600
   ],
   "chaine": "pre.u-art-raw{static ta:auto ov:visible pe:auto} > div#artVBody.u-art-body{static ta:auto ov:auto pe:auto} > aside#artifactViewer.u-art-viewer{static ta:auto ov:hidden pe:auto} > section#app.scene.on.artifact-split{fixed ta:auto ov:visible pe:auto} > body{static ta:auto ov:hidden pe:auto}"
  }
 ],
 "apres_drag_document": {
  "corps_scroll_top": 550,
  "corps_scroll_height": 9156,
  "corps_client_height": 864,
  "corps_scroll_width": 411,
  "corps_width": 411,
  "page_scroll_top": 0
 },
 "apres_drag_droite": {
  "corps_scroll_top": 1080,
  "corps_scroll_height": 9156,
  "corps_client_height": 864,
  "corps_scroll_width": 411,
  "corps_width": 411,
  "page_scroll_top": 0
 },
 "apres_molette": {
  "corps_scroll_top": 2680,
  "corps_scroll_height": 9156,
  "corps_client_height": 864,
  "corps_scroll_width": 411,
  "corps_width": 411,
  "page_scroll_top": 0
 },
 "erreurs": []
}
